// Jest Snapshot v1, https://goo.gl/fbAQLP

exports[`renders correctly 1`] = `
<li>
  <div>
    className
  </div>
  <div>
    <b>
      string
    </b>
    <i>
       - is required
    </i>
  </div>
  <input
    className="stncl__input"
    onChange={[Function]}
    type="text"
    value="button"
  />
</li>
`;
