// Jest Snapshot v1, https://goo.gl/fbAQLP

exports[`it renders correctly 1`] = `
<button
  className="stncl__swatch-button"
  onClick={[Function]}
  style={
    Object {
      "background": "black",
    }
  }
/>
`;
